
[TestGetConfigSchema - 1]
{
 "$schema": "http://json-schema.org/draft-07/schema#",
 "properties": {
  "credentials": {
   "anyOf": [
    {
     "properties": {
      "ConnectionString": {
       "description": "The connection string used to authenticate with Azure Blob Storage.",
       "order": 0,
       "title": "Connection String",
       "type": "string"
      }
     },
     "required": [
      "ConnectionString"
     ]
    },
    {
     "properties": {
      "azureClientID": {
       "description": "The client ID used to authenticate with Azure Blob Storage.",
       "order": 0,
       "title": "Azure Client ID",
       "type": "string"
      },
      "azureClientSecret": {
       "description": "The client secret used to authenticate with Azure Blob Storage.",
       "order": 1,
       "secret": true,
       "title": "Azure Client Secret",
       "type": "string"
      },
      "azureSubscriptionID": {
       "description": "The ID of the Azure subscription that contains the Azure Blob Storage account.",
       "order": 3,
       "title": "Azure Subscription ID",
       "type": "string"
      },
      "azureTenantID": {
       "description": "The ID of the Azure tenant where the Azure Blob Storage account is located.",
       "order": 2,
       "title": "Azure Tenant ID",
       "type": "string"
      }
     },
     "required": [
      "azureClientID",
      "azureClientSecret",
      "azureTenantID",
      "azureSubscriptionID"
     ]
    }
   ],
   "description": "Azure credentials used to authenticate with Azure Blob Storage.",
   "title": "Credentials",
   "type": "object"
  },
  "matchKeys": {
   "description": "Filter applied to all object keys under the prefix. If provided, only objects whose absolute path matches this regex will be read. For example, you can use \".*\\.json\" to only capture json files.",
   "format": "regex",
   "order": 5,
   "title": "Match Keys",
   "type": "string"
  },
  "parser": {
   "properties": {
    "name": {
     "type": "string"
    }
   },
   "type": "object"
  },
  "storageAccountName": {
   "description": "The name of the Azure Blob Storage account.",
   "order": 4,
   "title": "Storage Account Name",
   "type": "string"
  }
 },
 "required": [
  "AzureClientID",
  "AzureClientSecret",
  "AzureTenantID",
  "AzureSubscriptionID",
  "StorageAccountName"
 ],
 "title": "S3 Source",
 "type": "object"
}
---
