
[TestGetConfigSchema - 1]
{
 "$schema": "http://json-schema.org/draft-07/schema#",
 "Properties": {
  "AzureClientID": {
   "description": "The client ID used to authenticate with Azure Blob Storage.",
   "order": 0,
   "secret": false,
   "title": "Azure Client ID",
   "type": "string"
  },
  "AzureClientSecret": {
   "description": "The client secret used to authenticate with Azure Blob Storage.",
   "order": 1,
   "secret": true,
   "title": "Azure Client Secret",
   "type": "string"
  },
  "AzureSubscriptionID": {
   "description": "The ID of the Azure subscription that contains the Azure Blob Storage account.",
   "order": 3,
   "secret": false,
   "title": "Azure Subscription ID",
   "type": "string"
  },
  "AzureTenantID": {
   "description": "The ID of the Azure tenant where the Azure Blob Storage account is located.",
   "order": 2,
   "secret": false,
   "title": "Azure Tenant ID",
   "type": "string"
  },
  "StorageAccountName": {
   "description": "The name of the Azure Blob Storage account.",
   "order": 4,
   "secret": false,
   "title": "Storage Account Name",
   "type": "string"
  },
  "matchKeys": {
   "description": "Filter applied to all object keys under the prefix. If provided, only objects whose absolute path matches this regex will be read. For example, you can use \".*\\.json\" to only capture json files.",
   "order": 5,
   "secret": false,
   "title": "Match Keys",
   "type": "string"
  },
  "parser": {
   "description": "",
   "order": 0,
   "secret": false,
   "title": "",
   "type": "object"
  }
 },
 "required": [
  "bucket",
  "region"
 ],
 "title": "S3 Source",
 "type": "object"
}
---
