---
source: tests/test.rs
expression: snapshot_topics().await
---
************
Topic: test_topic_avro
************
key: {"_flow_key":{"p1":1,"p2":"one","p3":"a"}}, value: {"_flow_extra":{"slash~1key":{"json":"\"one\""},"slash~1root":{"json":"true"},"value/nested":{"json":"\"a\""},"value/slash~1nested":{"json":"1.0"}},"canary":"amputation's","flow_document":"{\"_meta\":{\"uuid\":\"7545a800-1dda-11b2-8000-071353030311\"},\"canary\":\"amputation's\",\"id\":1,\"slash/key\":\"one\",\"slash/root\":true,\"value\":{\"nested\":\"a\",\"slash/nested\":1.0}}","flow_published_at":"1970-01-01T01:00:00.000000000Z","id":1}
key: {"_flow_key":{"p1":2,"p2":"two","p3":"b"}}, value: {"_flow_extra":{"slash~1key":{"json":"\"two\""},"slash~1root":{"json":"false"},"value/nested":{"json":"\"b\""},"value/slash~1nested":{"json":"2.0"}},"canary":"armament's","flow_document":"{\"_meta\":{\"uuid\":\"75de3e80-1dda-11b2-8000-071353030311\"},\"canary\":\"armament's\",\"id\":2,\"slash/key\":\"two\",\"slash/root\":false,\"value\":{\"nested\":\"b\",\"slash/nested\":2.0}}","flow_published_at":"1970-01-01T01:00:01.000000000Z","id":2}
key: {"_flow_key":{"p1":3,"p2":"three","p3":"c"}}, value: {"_flow_extra":{"slash~1key":{"json":"\"three\""},"slash~1root":{"json":"true"},"value/nested":{"json":"\"c\""},"value/slash~1nested":{"json":"3.0"}},"canary":"splatters","flow_document":"{\"_meta\":{\"uuid\":\"7676d500-1dda-11b2-8000-071353030311\"},\"canary\":\"splatters\",\"id\":3,\"slash/key\":\"three\",\"slash/root\":true,\"value\":{\"nested\":\"c\",\"slash/nested\":3.0}}","flow_published_at":"1970-01-01T01:00:02.000000000Z","id":3}
key: {"_flow_key":{"p1":4,"p2":"four","p3":"d"}}, value: {"_flow_extra":{"slash~1key":{"json":"\"four\""},"slash~1root":{"json":"false"},"value/nested":{"json":"\"d\""},"value/slash~1nested":{"json":"4.0"}},"canary":"strengthen","flow_document":"{\"_meta\":{\"uuid\":\"d70a1000-1de2-11b2-8000-071353030311\"},\"canary\":\"strengthen\",\"id\":4,\"slash/key\":\"four\",\"slash/root\":false,\"value\":{\"nested\":\"d\",\"slash/nested\":4.0}}","flow_published_at":"1970-01-01T02:00:00.000000000Z","id":4}
key: {"_flow_key":{"p1":5,"p2":"five","p3":"e"}}, value: {"_flow_extra":{"slash~1key":{"json":"\"five\""},"slash~1root":{"json":"true"},"value/nested":{"json":"\"e\""},"value/slash~1nested":{"json":"5.0"}},"canary":"Kringle's","flow_document":"{\"_meta\":{\"uuid\":\"d7a2a680-1de2-11b2-8000-071353030311\"},\"canary\":\"Kringle's\",\"id\":5,\"slash/key\":\"five\",\"slash/root\":true,\"value\":{\"nested\":\"e\",\"slash/nested\":5.0}}","flow_published_at":"1970-01-01T02:00:01.000000000Z","id":5}
key: {"_flow_key":{"p1":6,"p2":"six","p3":"f"}}, value: {"_flow_extra":{"slash~1key":{"json":"\"six\""},"slash~1root":{"json":"false"},"value/nested":{"json":"\"f\""},"value/slash~1nested":{"json":"6.0"}},"canary":"grosbeak's","flow_document":"{\"_meta\":{\"uuid\":\"d83b3d00-1de2-11b2-8000-071353030311\"},\"canary\":\"grosbeak's\",\"id\":6,\"slash/key\":\"six\",\"slash/root\":false,\"value\":{\"nested\":\"f\",\"slash/nested\":6.0}}","flow_published_at":"1970-01-01T02:00:02.000000000Z","id":6}

************
Topic: test_topic_json_1
************
key: {"id":1,"slash~1key":"one","value/nested":"a"}, value: {"canary":"amputation's","flow_document":"{\"_meta\":{\"uuid\":\"7545a800-1dda-11b2-8000-071353030311\"},\"canary\":\"amputation's\",\"id\":1,\"slash/key\":\"one\",\"slash/root\":true,\"value\":{\"nested\":\"a\",\"slash/nested\":1.0}}","flow_published_at":"1970-01-01T01:00:00.000000000Z","id":1,"slash~1key":"one","slash~1root":true,"value/nested":"a","value/slash~1nested":1.0}
key: {"id":2,"slash~1key":"two","value/nested":"b"}, value: {"canary":"armament's","flow_document":"{\"_meta\":{\"uuid\":\"75de3e80-1dda-11b2-8000-071353030311\"},\"canary\":\"armament's\",\"id\":2,\"slash/key\":\"two\",\"slash/root\":false,\"value\":{\"nested\":\"b\",\"slash/nested\":2.0}}","flow_published_at":"1970-01-01T01:00:01.000000000Z","id":2,"slash~1key":"two","slash~1root":false,"value/nested":"b","value/slash~1nested":2.0}
key: {"id":3,"slash~1key":"three","value/nested":"c"}, value: {"canary":"splatters","flow_document":"{\"_meta\":{\"uuid\":\"7676d500-1dda-11b2-8000-071353030311\"},\"canary\":\"splatters\",\"id\":3,\"slash/key\":\"three\",\"slash/root\":true,\"value\":{\"nested\":\"c\",\"slash/nested\":3.0}}","flow_published_at":"1970-01-01T01:00:02.000000000Z","id":3,"slash~1key":"three","slash~1root":true,"value/nested":"c","value/slash~1nested":3.0}
key: {"id":4,"slash~1key":"four","value/nested":"d"}, value: {"canary":"strengthen","flow_document":"{\"_meta\":{\"uuid\":\"d70a1000-1de2-11b2-8000-071353030311\"},\"canary\":\"strengthen\",\"id\":4,\"slash/key\":\"four\",\"slash/root\":false,\"value\":{\"nested\":\"d\",\"slash/nested\":4.0}}","flow_published_at":"1970-01-01T02:00:00.000000000Z","id":4,"slash~1key":"four","slash~1root":false,"value/nested":"d","value/slash~1nested":4.0}
key: {"id":5,"slash~1key":"five","value/nested":"e"}, value: {"canary":"Kringle's","flow_document":"{\"_meta\":{\"uuid\":\"d7a2a680-1de2-11b2-8000-071353030311\"},\"canary\":\"Kringle's\",\"id\":5,\"slash/key\":\"five\",\"slash/root\":true,\"value\":{\"nested\":\"e\",\"slash/nested\":5.0}}","flow_published_at":"1970-01-01T02:00:01.000000000Z","id":5,"slash~1key":"five","slash~1root":true,"value/nested":"e","value/slash~1nested":5.0}
key: {"id":6,"slash~1key":"six","value/nested":"f"}, value: {"canary":"grosbeak's","flow_document":"{\"_meta\":{\"uuid\":\"d83b3d00-1de2-11b2-8000-071353030311\"},\"canary\":\"grosbeak's\",\"id\":6,\"slash/key\":\"six\",\"slash/root\":false,\"value\":{\"nested\":\"f\",\"slash/nested\":6.0}}","flow_published_at":"1970-01-01T02:00:02.000000000Z","id":6,"slash~1key":"six","slash~1root":false,"value/nested":"f","value/slash~1nested":6.0}

************
Topic: test_topic_json_2
************
key: {"id":1,"slash~1key":"one","value/nested":"a"}, value: {"canary":"amputation's","flow_document":"{\"_meta\":{\"uuid\":\"7545a800-1dda-11b2-8000-071353030311\"},\"canary\":\"amputation's\",\"id\":1,\"slash/key\":\"one\",\"slash/root\":true,\"value\":{\"nested\":\"a\",\"slash/nested\":1.0}}","flow_published_at":"1970-01-01T01:00:00.000000000Z","id":1,"slash~1key":"one","slash~1root":true,"value/nested":"a","value/slash~1nested":1.0}
key: {"id":2,"slash~1key":"two","value/nested":"b"}, value: {"canary":"armament's","flow_document":"{\"_meta\":{\"uuid\":\"75de3e80-1dda-11b2-8000-071353030311\"},\"canary\":\"armament's\",\"id\":2,\"slash/key\":\"two\",\"slash/root\":false,\"value\":{\"nested\":\"b\",\"slash/nested\":2.0}}","flow_published_at":"1970-01-01T01:00:01.000000000Z","id":2,"slash~1key":"two","slash~1root":false,"value/nested":"b","value/slash~1nested":2.0}
key: {"id":3,"slash~1key":"three","value/nested":"c"}, value: {"canary":"splatters","flow_document":"{\"_meta\":{\"uuid\":\"7676d500-1dda-11b2-8000-071353030311\"},\"canary\":\"splatters\",\"id\":3,\"slash/key\":\"three\",\"slash/root\":true,\"value\":{\"nested\":\"c\",\"slash/nested\":3.0}}","flow_published_at":"1970-01-01T01:00:02.000000000Z","id":3,"slash~1key":"three","slash~1root":true,"value/nested":"c","value/slash~1nested":3.0}
key: {"id":4,"slash~1key":"four","value/nested":"d"}, value: {"canary":"strengthen","flow_document":"{\"_meta\":{\"uuid\":\"d70a1000-1de2-11b2-8000-071353030311\"},\"canary\":\"strengthen\",\"id\":4,\"slash/key\":\"four\",\"slash/root\":false,\"value\":{\"nested\":\"d\",\"slash/nested\":4.0}}","flow_published_at":"1970-01-01T02:00:00.000000000Z","id":4,"slash~1key":"four","slash~1root":false,"value/nested":"d","value/slash~1nested":4.0}
key: {"id":5,"slash~1key":"five","value/nested":"e"}, value: {"canary":"Kringle's","flow_document":"{\"_meta\":{\"uuid\":\"d7a2a680-1de2-11b2-8000-071353030311\"},\"canary\":\"Kringle's\",\"id\":5,\"slash/key\":\"five\",\"slash/root\":true,\"value\":{\"nested\":\"e\",\"slash/nested\":5.0}}","flow_published_at":"1970-01-01T02:00:01.000000000Z","id":5,"slash~1key":"five","slash~1root":true,"value/nested":"e","value/slash~1nested":5.0}
key: {"id":6,"slash~1key":"six","value/nested":"f"}, value: {"canary":"grosbeak's","flow_document":"{\"_meta\":{\"uuid\":\"d83b3d00-1de2-11b2-8000-071353030311\"},\"canary\":\"grosbeak's\",\"id\":6,\"slash/key\":\"six\",\"slash/root\":false,\"value\":{\"nested\":\"f\",\"slash/nested\":6.0}}","flow_published_at":"1970-01-01T02:00:02.000000000Z","id":6,"slash~1key":"six","slash~1root":false,"value/nested":"f","value/slash~1nested":6.0}

************
Topic: test_topic_json_3
************
key: {"id":1,"slash~1key":"one","value/nested":"a"}, value: {"canary":"amputation's","flow_document":"{\"_meta\":{\"uuid\":\"7545a800-1dda-11b2-8000-071353030311\"},\"canary\":\"amputation's\",\"id\":1,\"slash/key\":\"one\",\"slash/root\":true,\"value\":{\"nested\":\"a\",\"slash/nested\":1.0}}","flow_published_at":"1970-01-01T01:00:00.000000000Z","id":1,"slash~1key":"one","slash~1root":true,"value/nested":"a","value/slash~1nested":1.0}
key: {"id":2,"slash~1key":"two","value/nested":"b"}, value: {"canary":"armament's","flow_document":"{\"_meta\":{\"uuid\":\"75de3e80-1dda-11b2-8000-071353030311\"},\"canary\":\"armament's\",\"id\":2,\"slash/key\":\"two\",\"slash/root\":false,\"value\":{\"nested\":\"b\",\"slash/nested\":2.0}}","flow_published_at":"1970-01-01T01:00:01.000000000Z","id":2,"slash~1key":"two","slash~1root":false,"value/nested":"b","value/slash~1nested":2.0}
key: {"id":3,"slash~1key":"three","value/nested":"c"}, value: {"canary":"splatters","flow_document":"{\"_meta\":{\"uuid\":\"7676d500-1dda-11b2-8000-071353030311\"},\"canary\":\"splatters\",\"id\":3,\"slash/key\":\"three\",\"slash/root\":true,\"value\":{\"nested\":\"c\",\"slash/nested\":3.0}}","flow_published_at":"1970-01-01T01:00:02.000000000Z","id":3,"slash~1key":"three","slash~1root":true,"value/nested":"c","value/slash~1nested":3.0}
key: {"id":4,"slash~1key":"four","value/nested":"d"}, value: {"canary":"strengthen","flow_document":"{\"_meta\":{\"uuid\":\"d70a1000-1de2-11b2-8000-071353030311\"},\"canary\":\"strengthen\",\"id\":4,\"slash/key\":\"four\",\"slash/root\":false,\"value\":{\"nested\":\"d\",\"slash/nested\":4.0}}","flow_published_at":"1970-01-01T02:00:00.000000000Z","id":4,"slash~1key":"four","slash~1root":false,"value/nested":"d","value/slash~1nested":4.0}
key: {"id":5,"slash~1key":"five","value/nested":"e"}, value: {"canary":"Kringle's","flow_document":"{\"_meta\":{\"uuid\":\"d7a2a680-1de2-11b2-8000-071353030311\"},\"canary\":\"Kringle's\",\"id\":5,\"slash/key\":\"five\",\"slash/root\":true,\"value\":{\"nested\":\"e\",\"slash/nested\":5.0}}","flow_published_at":"1970-01-01T02:00:01.000000000Z","id":5,"slash~1key":"five","slash~1root":true,"value/nested":"e","value/slash~1nested":5.0}
key: {"id":6,"slash~1key":"six","value/nested":"f"}, value: {"canary":"grosbeak's","flow_document":"{\"_meta\":{\"uuid\":\"d83b3d00-1de2-11b2-8000-071353030311\"},\"canary\":\"grosbeak's\",\"id\":6,\"slash/key\":\"six\",\"slash/root\":false,\"value\":{\"nested\":\"f\",\"slash/nested\":6.0}}","flow_published_at":"1970-01-01T02:00:02.000000000Z","id":6,"slash~1key":"six","slash~1root":false,"value/nested":"f","value/slash~1nested":6.0}
