---
source: tests/it/main.rs
expression: parse_from_output(&stdout)
---
spec:
  connectionSpecification:
    $schema: "http://json-schema.org/draft-07/schema#"
    definitions:
      Authentication:
        description: The information necessary to connect to Kafka.
        properties:
          mechanism:
            allOf:
              - $ref: "#/definitions/SaslMechanism"
            order: 0
            title: Sasl Mechanism
          password:
            order: 2
            secret: true
            title: Password
            type: string
          username:
            order: 1
            secret: true
            title: Username
            type: string
        required:
          - mechanism
          - password
          - username
        title: Authentication
        type: object
      SaslMechanism:
        description: The SASL Mechanism describes how to exchange and authenticate clients/servers.
        enum:
          - PLAIN
          - SCRAM-SHA-256
          - SCRAM-SHA-512
        title: SASL Mechanism
        type: string
      TlsSettings:
        default: system_certificates
        description: Controls how should TLS certificates be found or used.
        enum:
          - system_certificates
        title: TLS Settings
        type: string
    properties:
      authentication:
        description: "The connection details for authenticating a client connection to Kafka via SASL. When not provided, the client connection will attempt to use PLAINTEXT (insecure) protocol. This must only be used in dev/test environments."
        oneOf:
          - allOf:
              - $ref: "#/definitions/Authentication"
            title: Enabled
          - title: Disabled
            type: "null"
        order: 1
        title: Authentication
      bootstrap_servers:
        description: The initial servers in the Kafka cluster to initially connect to. The Kafka client will be informed of the rest of the cluster nodes by connecting to one of these nodes.
        items:
          default:
            - "localhost:9092"
          type: string
        order: 0
        title: Bootstrap Servers
        type: array
      tls:
        description: Controls how should TLS certificates be found or used.
        oneOf:
          - allOf:
              - $ref: "#/definitions/TlsSettings"
            title: Enabled
          - title: Disabled
            type: "null"
        order: 2
        title: TLS Settings
    required:
      - bootstrap_servers
    title: Kafka Source Configuration
    type: object
  documentationUrl: "https://go.estuary.dev/source-kafka"
  supported_destination_sync_modes: []
  supportsIncremental: true
type: SPEC

