---
source: tests/it/main.rs
expression: parse_messages_from_output(&stdout)

---
- record:
    data:
      completed: true
      id: 159
      title: debitis adipisci quibusdam aliquam sed dolore ea praesentium nobis
      userId: 8
    emitted_at: "{{ UNIX_TIMESTAMP }}"
    namespace: Partition 0
    stream: todo-list
  type: RECORD
- state:
    data:
      - name: todo-list
        offset:
          UpThrough: 38
        partition: 0
      - name: todo-list
        offset:
          UpThrough: 37
        partition: 2
  type: STATE
- record:
    data:
      completed: false
      id: 160
      title: et praesentium aliquam est
      userId: 8
    emitted_at: "{{ UNIX_TIMESTAMP }}"
    namespace: Partition 0
    stream: todo-list
  type: RECORD
- state:
    data:
      - name: todo-list
        offset:
          UpThrough: 39
        partition: 0
      - name: todo-list
        offset:
          UpThrough: 37
        partition: 2
  type: STATE
- record:
    data:
      completed: false
      id: 119
      title: corporis ducimus ea perspiciatis iste
      userId: 6
    emitted_at: "{{ UNIX_TIMESTAMP }}"
    namespace: Partition 2
    stream: todo-list
  type: RECORD
- state:
    data:
      - name: todo-list
        offset:
          UpThrough: 39
        partition: 0
      - name: todo-list
        offset:
          UpThrough: 38
        partition: 2
  type: STATE
- record:
    data:
      completed: false
      id: 120
      title: dolorem laboriosam vel voluptas et aliquam quasi
      userId: 6
    emitted_at: "{{ UNIX_TIMESTAMP }}"
    namespace: Partition 2
    stream: todo-list
  type: RECORD
- state:
    data:
      - name: todo-list
        offset:
          UpThrough: 39
        partition: 0
      - name: todo-list
        offset:
          UpThrough: 39
        partition: 2
  type: STATE
- record:
    data:
      completed: false
      id: 181
      title: ut cupiditate sequi aliquam fuga maiores
      userId: 10
    emitted_at: "{{ UNIX_TIMESTAMP }}"
    namespace: Partition 2
    stream: todo-list
  type: RECORD
- state:
    data:
      - name: todo-list
        offset:
          UpThrough: 39
        partition: 0
      - name: todo-list
        offset:
          UpThrough: 40
        partition: 2
  type: STATE
- record:
    data:
      completed: true
      id: 182
      title: inventore saepe cumque et aut illum enim
      userId: 10
    emitted_at: "{{ UNIX_TIMESTAMP }}"
    namespace: Partition 2
    stream: todo-list
  type: RECORD
- state:
    data:
      - name: todo-list
        offset:
          UpThrough: 39
        partition: 0
      - name: todo-list
        offset:
          UpThrough: 41
        partition: 2
  type: STATE
- record:
    data:
      completed: true
      id: 183
      title: omnis nulla eum aliquam distinctio
      userId: 10
    emitted_at: "{{ UNIX_TIMESTAMP }}"
    namespace: Partition 2
    stream: todo-list
  type: RECORD
- state:
    data:
      - name: todo-list
        offset:
          UpThrough: 39
        partition: 0
      - name: todo-list
        offset:
          UpThrough: 42
        partition: 2
  type: STATE
- record:
    data:
      completed: false
      id: 184
      title: molestias modi perferendis perspiciatis
      userId: 10
    emitted_at: "{{ UNIX_TIMESTAMP }}"
    namespace: Partition 2
    stream: todo-list
  type: RECORD
- state:
    data:
      - name: todo-list
        offset:
          UpThrough: 39
        partition: 0
      - name: todo-list
        offset:
          UpThrough: 43
        partition: 2
  type: STATE
- record:
    data:
      completed: false
      id: 185
      title: voluptates dignissimos sed doloribus animi quaerat aut
      userId: 10
    emitted_at: "{{ UNIX_TIMESTAMP }}"
    namespace: Partition 2
    stream: todo-list
  type: RECORD
- state:
    data:
      - name: todo-list
        offset:
          UpThrough: 39
        partition: 0
      - name: todo-list
        offset:
          UpThrough: 44
        partition: 2
  type: STATE
- record:
    data:
      completed: false
      id: 186
      title: explicabo odio est et
      userId: 10
    emitted_at: "{{ UNIX_TIMESTAMP }}"
    namespace: Partition 2
    stream: todo-list
  type: RECORD
- state:
    data:
      - name: todo-list
        offset:
          UpThrough: 39
        partition: 0
      - name: todo-list
        offset:
          UpThrough: 45
        partition: 2
  type: STATE
- record:
    data:
      completed: false
      id: 187
      title: consequuntur animi possimus
      userId: 10
    emitted_at: "{{ UNIX_TIMESTAMP }}"
    namespace: Partition 2
    stream: todo-list
  type: RECORD
- state:
    data:
      - name: todo-list
        offset:
          UpThrough: 39
        partition: 0
      - name: todo-list
        offset:
          UpThrough: 46
        partition: 2
  type: STATE
- record:
    data:
      completed: true
      id: 188
      title: vel non beatae est
      userId: 10
    emitted_at: "{{ UNIX_TIMESTAMP }}"
    namespace: Partition 2
    stream: todo-list
  type: RECORD
- state:
    data:
      - name: todo-list
        offset:
          UpThrough: 39
        partition: 0
      - name: todo-list
        offset:
          UpThrough: 47
        partition: 2
  type: STATE
- record:
    data:
      completed: true
      id: 189
      title: culpa eius et voluptatem et
      userId: 10
    emitted_at: "{{ UNIX_TIMESTAMP }}"
    namespace: Partition 2
    stream: todo-list
  type: RECORD
- state:
    data:
      - name: todo-list
        offset:
          UpThrough: 39
        partition: 0
      - name: todo-list
        offset:
          UpThrough: 48
        partition: 2
  type: STATE
- record:
    data:
      completed: true
      id: 190
      title: accusamus sint iusto et voluptatem exercitationem
      userId: 10
    emitted_at: "{{ UNIX_TIMESTAMP }}"
    namespace: Partition 2
    stream: todo-list
  type: RECORD
- state:
    data:
      - name: todo-list
        offset:
          UpThrough: 39
        partition: 0
      - name: todo-list
        offset:
          UpThrough: 49
        partition: 2
  type: STATE
- record:
    data:
      completed: true
      id: 191
      title: temporibus atque distinctio omnis eius impedit tempore molestias pariatur
      userId: 10
    emitted_at: "{{ UNIX_TIMESTAMP }}"
    namespace: Partition 2
    stream: todo-list
  type: RECORD
- state:
    data:
      - name: todo-list
        offset:
          UpThrough: 39
        partition: 0
      - name: todo-list
        offset:
          UpThrough: 50
        partition: 2
  type: STATE
- record:
    data:
      completed: false
      id: 192
      title: ut quas possimus exercitationem sint voluptates
      userId: 10
    emitted_at: "{{ UNIX_TIMESTAMP }}"
    namespace: Partition 2
    stream: todo-list
  type: RECORD
- state:
    data:
      - name: todo-list
        offset:
          UpThrough: 39
        partition: 0
      - name: todo-list
        offset:
          UpThrough: 51
        partition: 2
  type: STATE
- record:
    data:
      completed: true
      id: 193
      title: rerum debitis voluptatem qui eveniet tempora distinctio a
      userId: 10
    emitted_at: "{{ UNIX_TIMESTAMP }}"
    namespace: Partition 2
    stream: todo-list
  type: RECORD
- state:
    data:
      - name: todo-list
        offset:
          UpThrough: 39
        partition: 0
      - name: todo-list
        offset:
          UpThrough: 52
        partition: 2
  type: STATE
- record:
    data:
      completed: false
      id: 194
      title: sed ut vero sit molestiae
      userId: 10
    emitted_at: "{{ UNIX_TIMESTAMP }}"
    namespace: Partition 2
    stream: todo-list
  type: RECORD
- state:
    data:
      - name: todo-list
        offset:
          UpThrough: 39
        partition: 0
      - name: todo-list
        offset:
          UpThrough: 53
        partition: 2
  type: STATE
- record:
    data:
      completed: true
      id: 195
      title: rerum ex veniam mollitia voluptatibus pariatur
      userId: 10
    emitted_at: "{{ UNIX_TIMESTAMP }}"
    namespace: Partition 2
    stream: todo-list
  type: RECORD
- state:
    data:
      - name: todo-list
        offset:
          UpThrough: 39
        partition: 0
      - name: todo-list
        offset:
          UpThrough: 54
        partition: 2
  type: STATE
- record:
    data:
      completed: true
      id: 196
      title: consequuntur aut ut fugit similique
      userId: 10
    emitted_at: "{{ UNIX_TIMESTAMP }}"
    namespace: Partition 2
    stream: todo-list
  type: RECORD
- state:
    data:
      - name: todo-list
        offset:
          UpThrough: 39
        partition: 0
      - name: todo-list
        offset:
          UpThrough: 55
        partition: 2
  type: STATE
- record:
    data:
      completed: true
      id: 197
      title: dignissimos quo nobis earum saepe
      userId: 10
    emitted_at: "{{ UNIX_TIMESTAMP }}"
    namespace: Partition 2
    stream: todo-list
  type: RECORD
- state:
    data:
      - name: todo-list
        offset:
          UpThrough: 39
        partition: 0
      - name: todo-list
        offset:
          UpThrough: 56
        partition: 2
  type: STATE
- record:
    data:
      completed: true
      id: 198
      title: quis eius est sint explicabo
      userId: 10
    emitted_at: "{{ UNIX_TIMESTAMP }}"
    namespace: Partition 2
    stream: todo-list
  type: RECORD
- state:
    data:
      - name: todo-list
        offset:
          UpThrough: 39
        partition: 0
      - name: todo-list
        offset:
          UpThrough: 57
        partition: 2
  type: STATE
- record:
    data:
      completed: true
      id: 199
      title: numquam repellendus a magnam
      userId: 10
    emitted_at: "{{ UNIX_TIMESTAMP }}"
    namespace: Partition 2
    stream: todo-list
  type: RECORD
- state:
    data:
      - name: todo-list
        offset:
          UpThrough: 39
        partition: 0
      - name: todo-list
        offset:
          UpThrough: 58
        partition: 2
  type: STATE
- record:
    data:
      completed: false
      id: 200
      title: ipsam aperiam voluptates qui
      userId: 10
    emitted_at: "{{ UNIX_TIMESTAMP }}"
    namespace: Partition 2
    stream: todo-list
  type: RECORD
- state:
    data:
      - name: todo-list
        offset:
          UpThrough: 39
        partition: 0
      - name: todo-list
        offset:
          UpThrough: 59
        partition: 2
  type: STATE

