---
source: tests/test.rs
expression: snap
---
["acmeCo/test-topic-1",{"_meta":{"offset":0,"op":"u","partition":0,"topic":"test-topic-1","uuid":"DocUUIDPlaceholder-329Bb50aa48EAa9ef"},"idx":0,"nested":{"sub_id":0},"value":"value-0"}]
["acmeCo/test-topic-1",{"_meta":{"offset":1,"op":"u","partition":0,"topic":"test-topic-1","uuid":"DocUUIDPlaceholder-329Bb50aa48EAa9ef"},"idx":3,"nested":{"sub_id":3},"value":"value-3"}]
["acmeCo/test-topic-1",{"_meta":{"offset":2,"op":"u","partition":0,"topic":"test-topic-1","uuid":"DocUUIDPlaceholder-329Bb50aa48EAa9ef"},"idx":6,"nested":{"sub_id":6},"value":"value-6"}]
["acmeCo/test-topic-1",{"_meta":{"offset":3,"op":"d","partition":0,"topic":"test-topic-1","uuid":"DocUUIDPlaceholder-329Bb50aa48EAa9ef"},"idx":0,"nested":{"sub_id":0}}]
["acmeCo/test-topic-1",{"_meta":{"offset":0,"op":"u","partition":1,"topic":"test-topic-1","uuid":"DocUUIDPlaceholder-329Bb50aa48EAa9ef"},"idx":1,"nested":{"sub_id":1},"value":"value-1"}]
["acmeCo/test-topic-1",{"_meta":{"offset":1,"op":"u","partition":1,"topic":"test-topic-1","uuid":"DocUUIDPlaceholder-329Bb50aa48EAa9ef"},"idx":4,"nested":{"sub_id":4},"value":"value-4"}]
["acmeCo/test-topic-1",{"_meta":{"offset":2,"op":"u","partition":1,"topic":"test-topic-1","uuid":"DocUUIDPlaceholder-329Bb50aa48EAa9ef"},"idx":7,"nested":{"sub_id":7},"value":"value-7"}]
["acmeCo/test-topic-1",{"_meta":{"offset":3,"op":"d","partition":1,"topic":"test-topic-1","uuid":"DocUUIDPlaceholder-329Bb50aa48EAa9ef"},"idx":1,"nested":{"sub_id":1}}]
["acmeCo/test-topic-1",{"_meta":{"offset":0,"op":"u","partition":2,"topic":"test-topic-1","uuid":"DocUUIDPlaceholder-329Bb50aa48EAa9ef"},"idx":2,"nested":{"sub_id":2},"value":"value-2"}]
["acmeCo/test-topic-1",{"_meta":{"offset":1,"op":"u","partition":2,"topic":"test-topic-1","uuid":"DocUUIDPlaceholder-329Bb50aa48EAa9ef"},"idx":5,"nested":{"sub_id":5},"value":"value-5"}]
["acmeCo/test-topic-1",{"_meta":{"offset":2,"op":"u","partition":2,"topic":"test-topic-1","uuid":"DocUUIDPlaceholder-329Bb50aa48EAa9ef"},"idx":8,"nested":{"sub_id":8},"value":"value-8"}]
["acmeCo/test-topic-1",{"_meta":{"offset":3,"op":"d","partition":2,"topic":"test-topic-1","uuid":"DocUUIDPlaceholder-329Bb50aa48EAa9ef"},"idx":2,"nested":{"sub_id":2}}]
["acmeCo/test-topic-2",{"_meta":{"offset":0,"op":"u","partition":0,"topic":"test-topic-2","uuid":"DocUUIDPlaceholder-329Bb50aa48EAa9ef"},"idx":0,"nested":{"sub_id":0},"value":"value-0"}]
["acmeCo/test-topic-2",{"_meta":{"offset":1,"op":"u","partition":0,"topic":"test-topic-2","uuid":"DocUUIDPlaceholder-329Bb50aa48EAa9ef"},"idx":3,"nested":{"sub_id":3},"value":"value-3"}]
["acmeCo/test-topic-2",{"_meta":{"offset":2,"op":"u","partition":0,"topic":"test-topic-2","uuid":"DocUUIDPlaceholder-329Bb50aa48EAa9ef"},"idx":6,"nested":{"sub_id":6},"value":"value-6"}]
["acmeCo/test-topic-2",{"_meta":{"offset":3,"op":"d","partition":0,"topic":"test-topic-2","uuid":"DocUUIDPlaceholder-329Bb50aa48EAa9ef"},"idx":0,"nested":{"sub_id":0}}]
["acmeCo/test-topic-2",{"_meta":{"offset":0,"op":"u","partition":1,"topic":"test-topic-2","uuid":"DocUUIDPlaceholder-329Bb50aa48EAa9ef"},"idx":1,"nested":{"sub_id":1},"value":"value-1"}]
["acmeCo/test-topic-2",{"_meta":{"offset":1,"op":"u","partition":1,"topic":"test-topic-2","uuid":"DocUUIDPlaceholder-329Bb50aa48EAa9ef"},"idx":4,"nested":{"sub_id":4},"value":"value-4"}]
["acmeCo/test-topic-2",{"_meta":{"offset":2,"op":"u","partition":1,"topic":"test-topic-2","uuid":"DocUUIDPlaceholder-329Bb50aa48EAa9ef"},"idx":7,"nested":{"sub_id":7},"value":"value-7"}]
["acmeCo/test-topic-2",{"_meta":{"offset":3,"op":"d","partition":1,"topic":"test-topic-2","uuid":"DocUUIDPlaceholder-329Bb50aa48EAa9ef"},"idx":1,"nested":{"sub_id":1}}]
["acmeCo/test-topic-2",{"_meta":{"offset":0,"op":"u","partition":2,"topic":"test-topic-2","uuid":"DocUUIDPlaceholder-329Bb50aa48EAa9ef"},"idx":2,"nested":{"sub_id":2},"value":"value-2"}]
["acmeCo/test-topic-2",{"_meta":{"offset":1,"op":"u","partition":2,"topic":"test-topic-2","uuid":"DocUUIDPlaceholder-329Bb50aa48EAa9ef"},"idx":5,"nested":{"sub_id":5},"value":"value-5"}]
["acmeCo/test-topic-2",{"_meta":{"offset":2,"op":"u","partition":2,"topic":"test-topic-2","uuid":"DocUUIDPlaceholder-329Bb50aa48EAa9ef"},"idx":8,"nested":{"sub_id":8},"value":"value-8"}]
["acmeCo/test-topic-2",{"_meta":{"offset":3,"op":"d","partition":2,"topic":"test-topic-2","uuid":"DocUUIDPlaceholder-329Bb50aa48EAa9ef"},"idx":2,"nested":{"sub_id":2}}]
["acmeCo/test-topic-3",{"_key":"eyJrZXkiOjB9","_meta":{"offset":0,"op":"u","partition":0,"topic":"test-topic-3","uuid":"DocUUIDPlaceholder-329Bb50aa48EAa9ef"},"payload":0}]
["acmeCo/test-topic-3",{"_key":"eyJrZXkiOjN9","_meta":{"offset":1,"op":"u","partition":0,"topic":"test-topic-3","uuid":"DocUUIDPlaceholder-329Bb50aa48EAa9ef"},"payload":3}]
["acmeCo/test-topic-3",{"_key":"eyJrZXkiOjZ9","_meta":{"offset":2,"op":"u","partition":0,"topic":"test-topic-3","uuid":"DocUUIDPlaceholder-329Bb50aa48EAa9ef"},"payload":6}]
["acmeCo/test-topic-3",{"_key":"eyJrZXkiOjB9","_meta":{"offset":3,"op":"d","partition":0,"topic":"test-topic-3","uuid":"DocUUIDPlaceholder-329Bb50aa48EAa9ef"}}]
["acmeCo/test-topic-3",{"_key":"eyJrZXkiOjF9","_meta":{"offset":0,"op":"u","partition":1,"topic":"test-topic-3","uuid":"DocUUIDPlaceholder-329Bb50aa48EAa9ef"},"payload":1}]
["acmeCo/test-topic-3",{"_key":"eyJrZXkiOjR9","_meta":{"offset":1,"op":"u","partition":1,"topic":"test-topic-3","uuid":"DocUUIDPlaceholder-329Bb50aa48EAa9ef"},"payload":4}]
["acmeCo/test-topic-3",{"_key":"eyJrZXkiOjd9","_meta":{"offset":2,"op":"u","partition":1,"topic":"test-topic-3","uuid":"DocUUIDPlaceholder-329Bb50aa48EAa9ef"},"payload":7}]
["acmeCo/test-topic-3",{"_key":"eyJrZXkiOjF9","_meta":{"offset":3,"op":"d","partition":1,"topic":"test-topic-3","uuid":"DocUUIDPlaceholder-329Bb50aa48EAa9ef"}}]
["acmeCo/test-topic-3",{"_key":"eyJrZXkiOjJ9","_meta":{"offset":0,"op":"u","partition":2,"topic":"test-topic-3","uuid":"DocUUIDPlaceholder-329Bb50aa48EAa9ef"},"payload":2}]
["acmeCo/test-topic-3",{"_key":"eyJrZXkiOjV9","_meta":{"offset":1,"op":"u","partition":2,"topic":"test-topic-3","uuid":"DocUUIDPlaceholder-329Bb50aa48EAa9ef"},"payload":5}]
["acmeCo/test-topic-3",{"_key":"eyJrZXkiOjh9","_meta":{"offset":2,"op":"u","partition":2,"topic":"test-topic-3","uuid":"DocUUIDPlaceholder-329Bb50aa48EAa9ef"},"payload":8}]
["acmeCo/test-topic-3",{"_key":"eyJrZXkiOjJ9","_meta":{"offset":3,"op":"d","partition":2,"topic":"test-topic-3","uuid":"DocUUIDPlaceholder-329Bb50aa48EAa9ef"}}]
["connectorState",{"updated":{"bindingStateV1":{"test-topic-3":{"partitions":{"2":0}}}},"mergePatch":true}]
["connectorState",{"updated":{"bindingStateV1":{"test-topic-1":{"partitions":{"0":3,"1":3,"2":3}},"test-topic-2":{"partitions":{"0":3,"1":3,"2":3}},"test-topic-3":{"partitions":{"0":3,"1":3,"2":3}}}},"mergePatch":true}]
["connectorState",{}]
["connectorState",{"updated":{"bindingStateV1":{"test-topic-1":{"partitions":{"0":3,"1":3,"2":3}},"test-topic-2":{"partitions":{"0":3,"1":3,"2":3}},"test-topic-3":{"partitions":{"0":3,"1":3,"2":3}}}}}]
